
73. Executing CHECK pass (checking for obvious problems).
Checking module wallacetree32x32...
Warning: Wire wallacetree32x32.\prod [63] is used but has no driver.
Warning: Wire wallacetree32x32.\prod [62] is used but has no driver.
Warning: Wire wallacetree32x32.\prod [61] is used but has no driver.
Warning: Wire wallacetree32x32.\prod [60] is used but has no driver.
Warning: Wire wallacetree32x32.\prod [59] is used but has no driver.
Warning: Wire wallacetree32x32.\prod [58] is used but has no driver.
Warning: Wire wallacetree32x32.\prod [57] is used but has no driver.
Warning: Wire wallacetree32x32.\prod [56] is used but has no driver.
Warning: Wire wallacetree32x32.\prod [55] is used but has no driver.
Warning: Wire wallacetree32x32.\prod [54] is used but has no driver.
Warning: Wire wallacetree32x32.\prod [53] is used but has no driver.
Warning: Wire wallacetree32x32.\prod [52] is used but has no driver.
Warning: Wire wallacetree32x32.\prod [51] is used but has no driver.
Warning: Wire wallacetree32x32.\prod [50] is used but has no driver.
Warning: Wire wallacetree32x32.\prod [49] is used but has no driver.
Warning: Wire wallacetree32x32.\prod [48] is used but has no driver.
Warning: Wire wallacetree32x32.\prod [47] is used but has no driver.
Warning: Wire wallacetree32x32.\prod [46] is used but has no driver.
Warning: Wire wallacetree32x32.\prod [45] is used but has no driver.
Warning: Wire wallacetree32x32.\prod [44] is used but has no driver.
Warning: Wire wallacetree32x32.\prod [43] is used but has no driver.
Warning: Wire wallacetree32x32.\prod [42] is used but has no driver.
Warning: Wire wallacetree32x32.\prod [41] is used but has no driver.
Warning: Wire wallacetree32x32.\prod [40] is used but has no driver.
Warning: Wire wallacetree32x32.\prod [39] is used but has no driver.
Warning: Wire wallacetree32x32.\prod [38] is used but has no driver.
Warning: Wire wallacetree32x32.\prod [37] is used but has no driver.
Warning: Wire wallacetree32x32.\prod [36] is used but has no driver.
Warning: Wire wallacetree32x32.\prod [35] is used but has no driver.
Warning: Wire wallacetree32x32.\prod [34] is used but has no driver.
Warning: Wire wallacetree32x32.\prod [33] is used but has no driver.
Warning: Wire wallacetree32x32.\prod [32] is used but has no driver.
Warning: Wire wallacetree32x32.\prod [31] is used but has no driver.
Warning: Wire wallacetree32x32.\prod [30] is used but has no driver.
Warning: Wire wallacetree32x32.\prod [29] is used but has no driver.
Warning: Wire wallacetree32x32.\prod [28] is used but has no driver.
Warning: Wire wallacetree32x32.\prod [27] is used but has no driver.
Warning: Wire wallacetree32x32.\prod [26] is used but has no driver.
Warning: Wire wallacetree32x32.\prod [25] is used but has no driver.
Warning: Wire wallacetree32x32.\prod [24] is used but has no driver.
Warning: Wire wallacetree32x32.\prod [23] is used but has no driver.
Warning: Wire wallacetree32x32.\prod [22] is used but has no driver.
Warning: Wire wallacetree32x32.\prod [21] is used but has no driver.
Warning: Wire wallacetree32x32.\prod [20] is used but has no driver.
Warning: Wire wallacetree32x32.\prod [19] is used but has no driver.
Warning: Wire wallacetree32x32.\prod [18] is used but has no driver.
Warning: Wire wallacetree32x32.\prod [17] is used but has no driver.
Warning: Wire wallacetree32x32.\prod [16] is used but has no driver.
Warning: Wire wallacetree32x32.\prod [15] is used but has no driver.
Warning: Wire wallacetree32x32.\prod [14] is used but has no driver.
Warning: Wire wallacetree32x32.\prod [13] is used but has no driver.
Warning: Wire wallacetree32x32.\prod [12] is used but has no driver.
Warning: Wire wallacetree32x32.\prod [11] is used but has no driver.
Warning: Wire wallacetree32x32.\prod [10] is used but has no driver.
Warning: Wire wallacetree32x32.\prod [9] is used but has no driver.
Warning: Wire wallacetree32x32.\prod [8] is used but has no driver.
Warning: Wire wallacetree32x32.\prod [7] is used but has no driver.
Warning: Wire wallacetree32x32.\prod [6] is used but has no driver.
Warning: Wire wallacetree32x32.\prod [5] is used but has no driver.
Warning: Wire wallacetree32x32.\prod [4] is used but has no driver.
Warning: Wire wallacetree32x32.\prod [3] is used but has no driver.
Warning: Wire wallacetree32x32.\prod [2] is used but has no driver.
Warning: Wire wallacetree32x32.\prod [1] is used but has no driver.
Warning: Wire wallacetree32x32.\prod [0] is used but has no driver.
Found and reported 64 problems.
